Microsemi Libero Software
Version: 11.8.0.26
Release: v11.8

Info: The design counter_top.adb was last modified by software version 11.8.0.26.
Opened an existing Libero design counter_top.adb.
'BA_NAME' set to 'counter_top_ba'
'IDE_DESIGNERVIEW_NAME' set to 'Impl1'
'IDE_DESIGNERVIEW_COUNT' set to '1'
'IDE_DESIGNERVIEW_REV0' set to 'Impl1'
'IDE_DESIGNERVIEW_REVNUM0' set to '1'
'IDE_DESIGNERVIEW_ROOTDIR' set to 'E:\repos\ECEN5863_HW\HW7_Practical\Libero\counter\designer'
'IDE_DESIGNERVIEW_LASTREV' set to '1'

 Netlist Reading Time = 1.0 seconds
Imported the file:
   E:\repos\ECEN5863_HW\HW7_Practical\Libero\counter\synthesis\counter_top.edn

The Import command succeeded ( 00:00:06 )
=====================================================================
Parameters used to run compile:
===============================

Family      : SmartFusion
Device      : A2F200M3F
Package     : 484 FBGA
Source      : E:\repos\ECEN5863_HW\HW7_Practical\Libero\counter\synthesis\counter_top.edn
Format      : EDIF
Topcell     : counter_top
Speed grade : STD
Temp        : 0:25:85
Voltage     : 1.58:1.50:1.42

Keep Existing Physical Constraints : Yes
Keep Existing Timing Constraints   : Yes

pdc_abort_on_error                 : Yes
pdc_eco_display_unmatched_objects  : No
pdc_eco_max_warnings               : 10000

demote_globals                     : No
promote_globals                    : No
localclock_max_shared_instances    : 12
localclock_buffer_tree_max_fanout  : 12

combine_register                   : No
delete_buffer_tree                 : No

report_high_fanout_nets_limit      : 10

=====================================================================
Compile starts ...


Netlist Optimization Report
===========================

Optimized macros:
  - Dangling net drivers:   0
  - Buffers:                0
  - Inverters:              0
  - Tieoff:                 0
  - Logic combining:        1

    Total macros optimized  1

There were 0 error(s) and 0 warning(s) in this design.
=====================================================================

Reading previous post-compile physical placement constraints.


There were 0 error(s) and 0 warning(s).

=====================================================================
Compile report:
===============

    Microcontroller Subsystem  Used:      0  Total:      1   (0.00%)
    Fabric                     Used:   4580  Total:   4608   (99.39%)
    Fabric IO (W/ clocks)      Used:     74  Total:     94   (78.72%)
    Fabric Differential IO     Used:      0  Total:     47   (0.00%)
    Dedicated Analog IO        Used:      0  Total:     32   (0.00%)
    Dedicated MSS IO           Used:      0  Total:     43   (0.00%)
    GLOBAL (Chip+Quadrant)     Used:      2  Total:     15   (13.33%)
    MSS GLOBAL                 Used:      0  Total:      3   (0.00%)
    On-chip RC oscillator      Used:      0  Total:      1   (0.00%)
    Main Crystal oscillator    Used:      0  Total:      1   (0.00%)
    32 KHz Crystal oscillator  Used:      0  Total:      1   (0.00%)
    RAM/FIFO                   Used:      0  Total:      8   (0.00%)
    User JTAG                  Used:      0  Total:      1   (0.00%)

Global Information:

    Type            | Used   | Total
    ----------------|--------|--------------
    Chip global     | 2      | 3  (66.67%)*
    Quadrant global | 0      | 12 (0.00%)
    MSS global      | 0      | 3  (0.00%)

    (*) Chip globals may be assigned to Quadrant globals using the Multi-View Navigator (MVN)
        or Physical Design Constraints (PDC).
        They may also be assigned to Quadrant globals automatically during Layout.

Core Information:

    Type    | Instances    | Core tiles
    --------|--------------|-----------
    COMB    | 3373         | 3373
    SEQ     | 1207         | 1207

I/O Function:

    Type                                  | w/o register  | w/ register  | w/ DDR register
    --------------------------------------|---------------|--------------|----------------
    Input I/O                             | 3             | 0            | 0
    Output I/O                            | 71            | 0            | 0
    Bidirectional I/O                     | 0             | 0            | 0
    Differential Input I/O Pairs          | 0             | 0            | 0
    Differential Output I/O Pairs         | 0             | 0            | 0

I/O Technology:

                                    |   Voltages    |             I/Os
    --------------------------------|-------|-------|-------|--------|--------------
    I/O Standard(s)                 | Vcci  | Vref  | Input | Output | Bidirectional
    --------------------------------|-------|-------|-------|--------|--------------
    LVTTL                           | 3.30v | N/A   | 3     | 71     | 0

I/O Placement:

    Locked  :   1 (  1.35% )
    Placed  :  72 ( 97.30% )
    UnPlaced:   1 (  1.35% )

Warning: Only some I/Os are locked

Net information report:
=======================

The following nets have been assigned to a chip global resource:
    Fanout  Type          Name
    --------------------------
    1273    INT_NET       Net   : reset_c
                          Driver: reset_pad_RNIN9FD/U_CLKSRC
                          Source: NETLIST
    1207    CLK_NET       Net   : clock_c
                          Driver: clock_pad
                          Source: NETLIST

High fanout nets in the post compile netlist:
    Fanout  Type          Name
    --------------------------
    16      INT_NET       Net   : loop_gen_block[0].genblk1.counter_inst/tempe
                          Driver: loop_gen_block[0].genblk1.counter_inst/templde
    9       INT_NET       Net   : loop_gen_block[33].genblk1.counter_inst/temp[3]
                          Driver: loop_gen_block[33].genblk1.counter_inst/temp[3]
    9       INT_NET       Net   : loop_gen_block[33].genblk1.counter_inst/temp[5]
                          Driver: loop_gen_block[33].genblk1.counter_inst/temp[5]
    9       INT_NET       Net   : loop_gen_block[0].genblk1.counter_inst/temp[9]
                          Driver: loop_gen_block[0].genblk1.counter_inst/temp[9]
    7       INT_NET       Net   : loop_gen_block[56].genblk1.counter_inst/temp[7]
                          Driver: loop_gen_block[56].genblk1.counter_inst/temp[7]
    7       INT_NET       Net   : loop_gen_block[33].genblk1.counter_inst/temp[7]
                          Driver: loop_gen_block[33].genblk1.counter_inst/temp[7]
    7       INT_NET       Net   : loop_gen_block[33].genblk1.counter_inst/temp[9]
                          Driver: loop_gen_block[33].genblk1.counter_inst/temp[9]
    7       INT_NET       Net   : loop_gen_block[0].genblk1.counter_inst/temp7
                          Driver: loop_gen_block[0].genblk1.counter_inst/temp7
    7       INT_NET       Net   : loop_gen_block[0].genblk1.counter_inst/temp[4]
                          Driver: loop_gen_block[0].genblk1.counter_inst/temp[4]
    7       INT_NET       Net   : loop_gen_block[0].genblk1.counter_inst/temp_c1
                          Driver: loop_gen_block[0].genblk1.counter_inst/temp_c1

Nets that are candidates for clock assignment and the resulting fanout:
    Fanout  Type          Name
    --------------------------
    16      INT_NET       Net   : loop_gen_block[0].genblk1.counter_inst/tempe
                          Driver: loop_gen_block[0].genblk1.counter_inst/templde
    9       INT_NET       Net   : loop_gen_block[33].genblk1.counter_inst/temp[3]
                          Driver: loop_gen_block[33].genblk1.counter_inst/temp[3]
    9       INT_NET       Net   : loop_gen_block[33].genblk1.counter_inst/temp[5]
                          Driver: loop_gen_block[33].genblk1.counter_inst/temp[5]
    9       INT_NET       Net   : loop_gen_block[0].genblk1.counter_inst/temp[9]
                          Driver: loop_gen_block[0].genblk1.counter_inst/temp[9]
    7       INT_NET       Net   : loop_gen_block[56].genblk1.counter_inst/temp[7]
                          Driver: loop_gen_block[56].genblk1.counter_inst/temp[7]
    7       INT_NET       Net   : loop_gen_block[33].genblk1.counter_inst/temp[7]
                          Driver: loop_gen_block[33].genblk1.counter_inst/temp[7]
    7       INT_NET       Net   : loop_gen_block[33].genblk1.counter_inst/temp[9]
                          Driver: loop_gen_block[33].genblk1.counter_inst/temp[9]
    7       INT_NET       Net   : loop_gen_block[0].genblk1.counter_inst/temp7
                          Driver: loop_gen_block[0].genblk1.counter_inst/temp7
    7       INT_NET       Net   : loop_gen_block[0].genblk1.counter_inst/temp[4]
                          Driver: loop_gen_block[0].genblk1.counter_inst/temp[4]
    7       INT_NET       Net   : loop_gen_block[0].genblk1.counter_inst/temp_c1
                          Driver: loop_gen_block[0].genblk1.counter_inst/temp_c1

The Compile command succeeded ( 00:00:06 )
Wrote status report to file: counter_top_compile_report.txt

The Report command succeeded ( 00:00:00 )
Wrote pin report to file: counter_top_report_pin_byname.txt

The Report command succeeded ( 00:00:00 )
Wrote pin report to file: counter_top_report_pin_bynumber.txt

The Report command succeeded ( 00:00:01 )
Design saved to file
E:\repos\ECEN5863_HW\HW7_Practical\Libero\counter\designer\impl1\counter_top.adb.

The Execute Script command succeeded ( 00:00:16 )
Design closed.

