

@S |Clock Optimization Summary


#### START OF CLOCK OPTIMIZATION REPORT #####[

Clock optimization not enabled
2 non-gated/non-generated clock tree(s) driving 20 clock pin(s) of sequential element(s)
4 gated/generated clock tree(s) driving 18 clock pin(s) of sequential element(s)
0 instances converted, 18 sequential instances remain driven by gated/generated clocks

================================= Non-Gated/Non-Generated Clocks =================================
Clock Tree ID     Driving Element     Drive Element Type     Fanout     Sample Instance           
--------------------------------------------------------------------------------------------------
@K:CKID0005       aClk                port                   14         mSender.senderState[5]    
@K:CKID0006       bClk                port                   6          mReceiver.receiverState[5]
==================================================================================================
============================================================================= Gated/Generated Clocks ==============================================================================
Clock Tree ID     Driving Element            Drive Element Type     Fanout     Sample Instance             Explanation                                                             
-----------------------------------------------------------------------------------------------------------------------------------------------------------------------------------
@K:CKID0001       mSender.req_RNO_0          NOR2A                  1          mSender.req                 Clock conversion disabled                                               
@K:CKID0002       mSender.senderState[2]     DFN1                   8          mSender.counterData[0]      No generated or derived clock directive on output of sequential instance
@K:CKID0003       mReceiver.ack_RNIREUU2     OA1                    8          mReceiver.outputData[0]     No clocks found on inputs                                               
@K:CKID0004       mReceiver.ack_RNO          NOR2A                  1          mReceiver.ack               No clocks found on inputs                                               
===================================================================================================================================================================================


##### END OF CLOCK OPTIMIZATION REPORT ######]

